// Jest Snapshot v1, https://goo.gl/fbAQLP

exports[`generate command with force 1`] = `
"ⓘ environment successfully read from /Users/heynemann/dev/vtex/configify/test/config/env.ts.

Configuration updated successfully for paths:
⟳ /Users/heynemann/dev/vtex/configify/test/config/vtex/config.ts
⟳ /Users/heynemann/dev/vtex/configify/test/config/vtex/customer1/config.ts
⟳ /Users/heynemann/dev/vtex/configify/test/config/vtex/customer1/master/config.ts
⟳ /Users/heynemann/dev/vtex/configify/test/config/vtex/customer1/master/workspace1/config.ts
⟳ /Users/heynemann/dev/vtex/configify/test/config/vtex/customer1/master/workspace2/config.ts
"
`;
